SetActiveLib -work

comp -include "$dsn\src\bf4_conc_CA.vhd"
# Compile Entity "bf4_conc_CA"
# Compile Architecture "bf4_conc_CA" of Entity "bf4_conc_CA"
# Compile success 0 Errors 0 Warnings  Analysis time :  16.0 [ms]
comp -include "$dsn\src\bf4_conc_WS.vhd"
# Compile Entity "bf4_conc_WS"
# Compile Architecture "bf4_conc_WS" of Entity "bf4_conc_WS"
# Compile success 0 Errors 0 Warnings  Analysis time :  15.0 [ms]
comp -include "$dsn\src\bf4_const.vhd"
# Compile Entity "bf4_const"
# Compile Architecture "bf4_const" of Entity "bf4_const"
# Compile success 0 Errors 0 Warnings  Analysis time :  15.0 [ms]
comp -include "$dsn\src\bf4_logic.vhd"
# Compile Entity "bf4_logic"
# Compile Architecture "bf4_logic" of Entity "bf4_logic"
# Compile success 0 Errors 0 Warnings  Analysis time :  31.0 [ms]
comp -include "$dsn\src\bf4_proc_IF.vhd"
# Compile Entity "bf4_proc_IF"
# Compile Architecture "bf4_proc_IF" of Entity "bf4_proc_IF"
# Compile success 0 Errors 0 Warnings  Analysis time :  31.0 [ms]
comp -include "$dsn\src\bf4_proc_CASE.vhd"
# Compile Entity "bf4_proc_CASE"
# Compile Architecture "bf4_proc_CASE" of Entity "bf4_proc_CASE"
# Compile success 0 Errors 0 Warnings  Analysis time :  16.0 [ms]

comp -include "$dsn\src\bf4_testbench\bf4_kxx_TB.vhd"
# Error: D:\students\IKM722a_Vorontsov\vhdl\LAB_2\LAB_2\LAB_2\src\bf4_testbench\bf4_kxx_TB.vhd: no such file

asim +access +r bf4_test_tb
# ELBREAD: Elaboration process.
# ELBREAD: Error: Architecture 'bf4_test_tb' of entity 'bf4_test_tb' not found in library 'lab_2'.
# ELBREAD: Error: Elaboration process completed with errors.
# Design: Error: Elaboration failed
# Error: VSIM: cannot select specified top-level
# Error: DO_001 in file D:\students\IKM722a_Vorontsov\vhdl\LAB_2\LAB_2\LAB_2\src\bf4_Kxx_TB_runtest.do line 12
# Error: Cannot run D:\students\IKM722a_Vorontsov\vhdl\LAB_2\LAB_2\LAB_2\src\bf4_Kxx_TB_runtest.do
SetActiveLib -work

comp -include "$dsn\src\bf4_conc_CA.vhd"
# Compile Entity "bf4_conc_CA"
# Compile Architecture "bf4_conc_CA" of Entity "bf4_conc_CA"
# Compile success 0 Errors 0 Warnings  Analysis time :  31.0 [ms]
comp -include "$dsn\src\bf4_conc_WS.vhd"
# Compile Entity "bf4_conc_WS"
# Compile Architecture "bf4_conc_WS" of Entity "bf4_conc_WS"
# Compile success 0 Errors 0 Warnings  Analysis time :  32.0 [ms]
comp -include "$dsn\src\bf4_const.vhd"
# Compile Entity "bf4_const"
# Compile Architecture "bf4_const" of Entity "bf4_const"
# Compile success 0 Errors 0 Warnings  Analysis time :  32.0 [ms]
comp -include "$dsn\src\bf4_logic.vhd"
# Compile Entity "bf4_logic"
# Compile Architecture "bf4_logic" of Entity "bf4_logic"
# Compile success 0 Errors 0 Warnings  Analysis time :  31.0 [ms]
comp -include "$dsn\src\bf4_proc_IF.vhd"
# Compile Entity "bf4_proc_IF"
# Compile Architecture "bf4_proc_IF" of Entity "bf4_proc_IF"
# Compile success 0 Errors 0 Warnings  Analysis time :  16.0 [ms]
comp -include "$dsn\src\bf4_proc_CASE.vhd"
# Compile Entity "bf4_proc_CASE"
# Compile Architecture "bf4_proc_CASE" of Entity "bf4_proc_CASE"
# Compile success 0 Errors 0 Warnings  Analysis time :  16.0 [ms]

comp -include "$dsn\src\bf4_testbench\bf4_Kxx_TB.vhd"
# Error: D:\students\IKM722a_Vorontsov\vhdl\LAB_2\LAB_2\LAB_2\src\bf4_testbench\bf4_Kxx_TB.vhd: no such file

asim +access +r bf4_test_tb
# ELBREAD: Elaboration process.
# ELBREAD: Error: Architecture 'bf4_test_tb' of entity 'bf4_test_tb' not found in library 'lab_2'.
# ELBREAD: Error: Elaboration process completed with errors.
# Design: Error: Elaboration failed
# Error: VSIM: cannot select specified top-level
# Error: DO_001 in file D:\students\IKM722a_Vorontsov\vhdl\LAB_2\LAB_2\LAB_2\src\bf4_Kxx_TB_runtest.do line 12
# Error: Cannot run D:\students\IKM722a_Vorontsov\vhdl\LAB_2\LAB_2\LAB_2\src\bf4_Kxx_TB_runtest.do
SetActiveLib -work
comp -include "$dsn\src\bf4_conc_CA.vhd" 
# Compile Entity "bf4_conc_CA"
# Compile Architecture "bf4_conc_CA" of Entity "bf4_conc_CA"
# Compile success 0 Errors 0 Warnings  Analysis time :  32.0 [ms]
comp -include "$dsn\src\bf4_conc_WS.vhd"
# Compile Entity "bf4_conc_WS"
# Compile Architecture "bf4_conc_WS" of Entity "bf4_conc_WS"
# Compile success 0 Errors 0 Warnings  Analysis time :  16.0 [ms]
comp -include "$dsn\src\bf4_const.vhd"
# Compile Entity "bf4_const"
# Compile Architecture "bf4_const" of Entity "bf4_const"
# Compile success 0 Errors 0 Warnings  Analysis time :  15.0 [ms]
comp -include "$dsn\src\bf4_logic.vhd"
# Compile Entity "bf4_logic"
# Compile Architecture "bf4_logic" of Entity "bf4_logic"
# Compile success 0 Errors 0 Warnings  Analysis time :  31.0 [ms]
comp -include "$dsn\src\bf4_proc_IF.vhd"
# Compile Entity "bf4_proc_IF"
# Compile Architecture "bf4_proc_IF" of Entity "bf4_proc_IF"
# Compile success 0 Errors 0 Warnings  Analysis time :  16.0 [ms]
comp -include "$dsn\src\bf4_proc_CASE.vhd"
# Compile Entity "bf4_proc_CASE"
# Compile Architecture "bf4_proc_CASE" of Entity "bf4_proc_CASE"
# Compile success 0 Errors 0 Warnings  Analysis time :  16.0 [ms]
comp -include "$dsn\src\bf4_Kxx_TB.vhd" 
# Error: COMP96_0010: bf4_Kxx_TB.vhd : (100, 51): Invalid literal.
# Error: COMP96_0010: bf4_Kxx_TB.vhd : (101, 5): Invalid literal.
# Error: COMP96_0010: bf4_Kxx_TB.vhd : (102, 53): Invalid literal.
# Error: COMP96_0010: bf4_Kxx_TB.vhd : (103, 10): Invalid literal.
# Error: COMP96_0010: bf4_Kxx_TB.vhd : (104, 53): Invalid literal.
# Error: COMP96_0010: bf4_Kxx_TB.vhd : (105, 10): Invalid literal.
# Error: COMP96_0010: bf4_Kxx_TB.vhd : (106, 51): Invalid literal.
# Error: COMP96_0010: bf4_Kxx_TB.vhd : (107, 5): Invalid literal.
# Error: COMP96_0010: bf4_Kxx_TB.vhd : (108, 53): Invalid literal.
# Error: COMP96_0010: bf4_Kxx_TB.vhd : (109, 10): Invalid literal.
# Error: COMP96_0010: bf4_Kxx_TB.vhd : (110, 55): Invalid literal.
# Error: COMP96_0010: bf4_Kxx_TB.vhd : (111, 24): Invalid literal.
# Error: COMP96_0010: bf4_Kxx_TB.vhd : (126, 34): Invalid literal.
# Error: COMP96_0010: bf4_Kxx_TB.vhd : (127, 3): Invalid literal.
# Error: COMP96_0010: bf4_Kxx_TB.vhd : (128, 34): Invalid literal.
# Error: COMP96_0010: bf4_Kxx_TB.vhd : (129, 3): Invalid literal.
# Error: COMP96_0010: bf4_Kxx_TB.vhd : (132, 34): Invalid literal.
# Error: COMP96_0010: bf4_Kxx_TB.vhd : (133, 3): Invalid literal.
# Error: COMP96_0010: bf4_Kxx_TB.vhd : (134, 36): Invalid literal.
# Error: COMP96_0010: bf4_Kxx_TB.vhd : (135, 5): Invalid literal.
# Compile Entity "bf4_test_tb"
# Compile Architecture "bf4_test_tb" of Entity "bf4_test_tb"
# Error: COMP96_0029: bf4_Kxx_TB.vhd : (100, 51): Expression expected.
# Error: COMP96_0015: bf4_Kxx_TB.vhd : (100, 51): ';' expected.
# Error: COMP96_0029: bf4_Kxx_TB.vhd : (102, 53): Expression expected.
# Error: COMP96_0015: bf4_Kxx_TB.vhd : (102, 53): ';' expected.
# Error: COMP96_0029: bf4_Kxx_TB.vhd : (104, 53): Expression expected.
# Error: COMP96_0015: bf4_Kxx_TB.vhd : (104, 53): ';' expected.
# Error: COMP96_0029: bf4_Kxx_TB.vhd : (106, 51): Expression expected.
# Error: COMP96_0015: bf4_Kxx_TB.vhd : (106, 51): ';' expected.
# Error: COMP96_0029: bf4_Kxx_TB.vhd : (108, 53): Expression expected.
# Error: COMP96_0015: bf4_Kxx_TB.vhd : (108, 53): ';' expected.
# Error: COMP96_0029: bf4_Kxx_TB.vhd : (110, 55): Expression expected.
# Error: COMP96_0015: bf4_Kxx_TB.vhd : (110, 55): ';' expected.
# Error: COMP96_0029: bf4_Kxx_TB.vhd : (126, 34): Expression expected.
# Error: COMP96_0015: bf4_Kxx_TB.vhd : (126, 34): ';' expected.
# Error: COMP96_0029: bf4_Kxx_TB.vhd : (128, 34): Expression expected.
# Error: COMP96_0015: bf4_Kxx_TB.vhd : (128, 34): ';' expected.
# Error: COMP96_0029: bf4_Kxx_TB.vhd : (132, 34): Expression expected.
# Error: COMP96_0015: bf4_Kxx_TB.vhd : (132, 34): ';' expected.
# Error: COMP96_0029: bf4_Kxx_TB.vhd : (134, 36): Expression expected.
# Error: COMP96_0015: bf4_Kxx_TB.vhd : (134, 36): ';' expected.
# Compile failure 40 Errors 0 Warnings  Analysis time :  16.0 [ms]
# Error: DO_001 in file D:\students\IKM722a_Vorontsov\vhdl\LAB_2\LAB_2\LAB_2\src\bf4_Kxx_TB_runtest.do line 8
# Error: Cannot run D:\students\IKM722a_Vorontsov\vhdl\LAB_2\LAB_2\LAB_2\src\bf4_Kxx_TB_runtest.do
SetActiveLib -work

comp -include "$dsn\src\bf4_conc_CA.vhd"
# Compile Entity "bf4_conc_CA"
# Compile Architecture "bf4_conc_CA" of Entity "bf4_conc_CA"
# Compile success 0 Errors 0 Warnings  Analysis time :  16.0 [ms]
comp -include "$dsn\src\bf4_conc_WS.vhd"
# Compile Entity "bf4_conc_WS"
# Compile Architecture "bf4_conc_WS" of Entity "bf4_conc_WS"
# Compile success 0 Errors 0 Warnings  Analysis time :  16.0 [ms]
comp -include "$dsn\src\bf4_const.vhd"
# Compile Entity "bf4_const"
# Compile Architecture "bf4_const" of Entity "bf4_const"
# Compile success 0 Errors 0 Warnings  Analysis time :  31.0 [ms]
comp -include "$dsn\src\bf4_logic.vhd"
# Compile Entity "bf4_logic"
# Compile Architecture "bf4_logic" of Entity "bf4_logic"
# Compile success 0 Errors 0 Warnings  Analysis time :  32.0 [ms]
comp -include "$dsn\src\bf4_proc_IF.vhd"
# Compile Entity "bf4_proc_IF"
# Compile Architecture "bf4_proc_IF" of Entity "bf4_proc_IF"
# Compile success 0 Errors 0 Warnings  Analysis time :  16.0 [ms]
comp -include "$dsn\src\bf4_proc_CASE.vhd"
# Compile Entity "bf4_proc_CASE"
# Compile Architecture "bf4_proc_CASE" of Entity "bf4_proc_CASE"
# Compile success 0 Errors 0 Warnings  Analysis time :  15.0 [ms]

comp -include "$dsn\src\bf4_testbench\bf4_Kxx_TB.vhd"
# Error: D:\students\IKM722a_Vorontsov\vhdl\LAB_2\LAB_2\LAB_2\src\bf4_testbench\bf4_Kxx_TB.vhd: no such file

asim +access +r bf4_test_tb
# ELBREAD: Elaboration process.
# ELBREAD: Error: Architecture 'bf4_test_tb' of entity 'bf4_test_tb' not found in library 'lab_2'.
# ELBREAD: Error: Elaboration process completed with errors.
# Design: Error: Elaboration failed
# Error: VSIM: cannot select specified top-level
# Error: DO_001 in file D:\students\IKM722a_Vorontsov\vhdl\LAB_2\LAB_2\LAB_2\src\bf4_Kxx_TB_runtest.do line 12
# Error: Cannot run D:\students\IKM722a_Vorontsov\vhdl\LAB_2\LAB_2\LAB_2\src\bf4_Kxx_TB_runtest.do
SetActiveLib -work

comp -include "$dsn\src\bf4_conc_CA.vhd"
# Compile Entity "bf4_conc_CA"
# Compile Architecture "bf4_conc_CA" of Entity "bf4_conc_CA"
# Compile success 0 Errors 0 Warnings  Analysis time :  16.0 [ms]
comp -include "$dsn\src\bf4_conc_WS.vhd"
# Compile Entity "bf4_conc_WS"
# Compile Architecture "bf4_conc_WS" of Entity "bf4_conc_WS"
# Compile success 0 Errors 0 Warnings  Analysis time :  31.0 [ms]
comp -include "$dsn\src\bf4_const.vhd"
# Compile Entity "bf4_const"
# Compile Architecture "bf4_const" of Entity "bf4_const"
# Compile success 0 Errors 0 Warnings  Analysis time :  31.0 [ms]
comp -include "$dsn\src\bf4_logic.vhd"
# Compile Entity "bf4_logic"
# Compile Architecture "bf4_logic" of Entity "bf4_logic"
# Compile success 0 Errors 0 Warnings  Analysis time :  46.0 [ms]
comp -include "$dsn\src\bf4_proc_IF.vhd"
# Compile Entity "bf4_proc_IF"
# Compile Architecture "bf4_proc_IF" of Entity "bf4_proc_IF"
# Compile success 0 Errors 0 Warnings  Analysis time :  31.0 [ms]
comp -include "$dsn\src\bf4_proc_CASE.vhd"
# Compile Entity "bf4_proc_CASE"
# Compile Architecture "bf4_proc_CASE" of Entity "bf4_proc_CASE"
# Compile success 0 Errors 0 Warnings  Analysis time :  31.0 [ms]

comp -include "$dsn\src\bf4_testbench\bf4_Kxx_TB.vhd"
# Error: D:\students\IKM722a_Vorontsov\vhdl\LAB_2\LAB_2\LAB_2\src\bf4_testbench\bf4_Kxx_TB.vhd: no such file

asim +access +r bf4_test_tb
# ELBREAD: Elaboration process.
# ELBREAD: Error: Architecture 'bf4_test_tb' of entity 'bf4_test_tb' not found in library 'lab_2'.
# ELBREAD: Error: Elaboration process completed with errors.
# Design: Error: Elaboration failed
# Error: VSIM: cannot select specified top-level
# Error: DO_001 in file D:\students\IKM722a_Vorontsov\vhdl\LAB_2\LAB_2\LAB_2\src\bf4_Kxx_TB_runtest.do line 12
# Error: Cannot run D:\students\IKM722a_Vorontsov\vhdl\LAB_2\LAB_2\LAB_2\src\bf4_Kxx_TB_runtest.do
           SetActiveLib -work
comp -include "$dsn\src\bf4_conc_CA.vhd"
# Compile Entity "bf4_conc_CA"
# Compile Architecture "bf4_conc_CA" of Entity "bf4_conc_CA"
# Compile success 0 Errors 0 Warnings  Analysis time :  31.0 [ms]
comp -include "$dsn\src\bf4_conc_WS.vhd"
# Compile Entity "bf4_conc_WS"
# Compile Architecture "bf4_conc_WS" of Entity "bf4_conc_WS"
# Compile success 0 Errors 0 Warnings  Analysis time :  31.0 [ms]
comp -include "$dsn\src\bf4_const.vhd"
# Compile Entity "bf4_const"
# Compile Architecture "bf4_const" of Entity "bf4_const"
# Compile success 0 Errors 0 Warnings  Analysis time :  31.0 [ms]
comp -include "$dsn\src\bf4_logic.vhd"
# Compile Entity "bf4_logic"
# Compile Architecture "bf4_logic" of Entity "bf4_logic"
# Compile success 0 Errors 0 Warnings  Analysis time :  47.0 [ms]
comp -include "$dsn\src\bf4_proc_IF.vhd"
# Compile Entity "bf4_proc_IF"
# Compile Architecture "bf4_proc_IF" of Entity "bf4_proc_IF"
# Compile success 0 Errors 0 Warnings  Analysis time :  32.0 [ms]
comp -include "$dsn\src\bf4_proc_CASE.vhd"
# Compile Entity "bf4_proc_CASE"
# Compile Architecture "bf4_proc_CASE" of Entity "bf4_proc_CASE"
# Compile success 0 Errors 0 Warnings  Analysis time :  31.0 [ms]
comp -include "$dsn\src\bf4_testbench\bf4_Kxx_TB.vhd"
# Error: D:\students\IKM722a_Vorontsov\vhdl\LAB_2\LAB_2\LAB_2\src\bf4_testbench\bf4_Kxx_TB.vhd: no such file
asim +access +r bf4_test_tb
# ELBREAD: Elaboration process.
# ELBREAD: Error: Architecture 'bf4_test_tb' of entity 'bf4_test_tb' not found in library 'lab_2'.
# ELBREAD: Error: Elaboration process completed with errors.
# Design: Error: Elaboration failed
# Error: VSIM: cannot select specified top-level
# Error: DO_001 in file D:\students\IKM722a_Vorontsov\vhdl\LAB_2\LAB_2\LAB_2\src\bf4_Kxx_TB_runtest.do line 9
# Error: Cannot run D:\students\IKM722a_Vorontsov\vhdl\LAB_2\LAB_2\LAB_2\src\bf4_Kxx_TB_runtest.do
           SetActiveLib -work
comp -include "$dsn\src\bf4_conc_CA.vhd"
# Compile Entity "bf4_conc_CA"
# Compile Architecture "bf4_conc_CA" of Entity "bf4_conc_CA"
# Compile success 0 Errors 0 Warnings  Analysis time :  16.0 [ms]
comp -include "$dsn\src\bf4_conc_WS.vhd"
# Compile Entity "bf4_conc_WS"
# Compile Architecture "bf4_conc_WS" of Entity "bf4_conc_WS"
# Compile success 0 Errors 0 Warnings  Analysis time :  32.0 [ms]
comp -include "$dsn\src\bf4_const.vhd"
# Compile Entity "bf4_const"
# Compile Architecture "bf4_const" of Entity "bf4_const"
# Compile success 0 Errors 0 Warnings  Analysis time :  16.0 [ms]
comp -include "$dsn\src\bf4_logic.vhd"
# Compile Entity "bf4_logic"
# Compile Architecture "bf4_logic" of Entity "bf4_logic"
# Compile success 0 Errors 0 Warnings  Analysis time :  31.0 [ms]
comp -include "$dsn\src\bf4_proc_IF.vhd"
# Compile Entity "bf4_proc_IF"
# Compile Architecture "bf4_proc_IF" of Entity "bf4_proc_IF"
# Compile success 0 Errors 0 Warnings  Analysis time :  31.0 [ms]
comp -include "$dsn\src\bf4_proc_CASE.vhd"
# Compile Entity "bf4_proc_CASE"
# Compile Architecture "bf4_proc_CASE" of Entity "bf4_proc_CASE"
# Compile success 0 Errors 0 Warnings  Analysis time :  16.0 [ms]
comp -include "$dsn\src\bf4_testbench\bf4_Kxx_TB.vhd"
# Error: D:\students\IKM722a_Vorontsov\vhdl\LAB_2\LAB_2\LAB_2\src\bf4_testbench\bf4_Kxx_TB.vhd: no such file
asim +access +r bf4_test_tb
# ELBREAD: Elaboration process.
# ELBREAD: Error: Architecture 'bf4_test_tb' of entity 'bf4_test_tb' not found in library 'lab_2'.
# ELBREAD: Error: Elaboration process completed with errors.
# Design: Error: Elaboration failed
# Error: VSIM: cannot select specified top-level
# Error: DO_001 in file D:\students\IKM722a_Vorontsov\vhdl\LAB_2\LAB_2\LAB_2\src\bf4_Kxx_TB_runtest.do line 9
# Error: Cannot run D:\students\IKM722a_Vorontsov\vhdl\LAB_2\LAB_2\LAB_2\src\bf4_Kxx_TB_runtest.do
           SetActiveLib -work
comp -include "$dsn\src\bf4_conc_CA.vhd"
# Compile Entity "bf4_conc_CA"
# Compile Architecture "bf4_conc_CA" of Entity "bf4_conc_CA"
# Compile success 0 Errors 0 Warnings  Analysis time :  31.0 [ms]
comp -include "$dsn\src\bf4_conc_WS.vhd"
# Compile Entity "bf4_conc_WS"
# Compile Architecture "bf4_conc_WS" of Entity "bf4_conc_WS"
# Compile success 0 Errors 0 Warnings  Analysis time :  16.0 [ms]
comp -include "$dsn\src\bf4_const.vhd"
# Compile Entity "bf4_const"
# Compile Architecture "bf4_const" of Entity "bf4_const"
# Compile success 0 Errors 0 Warnings  Analysis time :  16.0 [ms]
comp -include "$dsn\src\bf4_logic.vhd"
# Compile Entity "bf4_logic"
# Compile Architecture "bf4_logic" of Entity "bf4_logic"
# Compile success 0 Errors 0 Warnings  Analysis time :  16.0 [ms]
comp -include "$dsn\src\bf4_proc_IF.vhd"
# Compile Entity "bf4_proc_IF"
# Compile Architecture "bf4_proc_IF" of Entity "bf4_proc_IF"
# Compile success 0 Errors 0 Warnings  Analysis time :  15.0 [ms]
comp -include "$dsn\src\bf4_proc_CASE.vhd"
# Compile Entity "bf4_proc_CASE"
# Compile Architecture "bf4_proc_CASE" of Entity "bf4_proc_CASE"
# Compile success 0 Errors 0 Warnings  Analysis time :  15.0 [ms]
comp -include "$dsn\src\bf4_testbench\bf4_Kxx_TB.vhd"
# Error: D:\students\IKM722a_Vorontsov\vhdl\LAB_2\LAB_2\LAB_2\src\bf4_testbench\bf4_Kxx_TB.vhd: no such file
asim +access +r bf4_test_tb
# ELBREAD: Elaboration process.
# ELBREAD: Error: Architecture 'bf4_test_tb' of entity 'bf4_test_tb' not found in library 'lab_2'.
# ELBREAD: Error: Elaboration process completed with errors.
# Design: Error: Elaboration failed
# Error: VSIM: cannot select specified top-level
# Error: DO_001 in file D:\students\IKM722a_Vorontsov\vhdl\LAB_2\LAB_2\LAB_2\src\bf4_Kxx_TB_runtest.do line 9
# Error: Cannot run D:\students\IKM722a_Vorontsov\vhdl\LAB_2\LAB_2\LAB_2\src\bf4_Kxx_TB_runtest.do
           SetActiveLib -work
comp -include "$dsn\src\bf4_conc_CA.vhd"
# Compile Entity "bf4_conc_CA"
# Compile Architecture "bf4_conc_CA" of Entity "bf4_conc_CA"
# Compile success 0 Errors 0 Warnings  Analysis time :  15.0 [ms]
comp -include "$dsn\src\bf4_conc_WS.vhd"
# Compile Entity "bf4_conc_WS"
# Compile Architecture "bf4_conc_WS" of Entity "bf4_conc_WS"
# Compile success 0 Errors 0 Warnings  Analysis time :  31.0 [ms]
comp -include "$dsn\src\bf4_const.vhd"
# Compile Entity "bf4_const"
# Compile Architecture "bf4_const" of Entity "bf4_const"
# Compile success 0 Errors 0 Warnings  Analysis time :  31.0 [ms]
comp -include "$dsn\src\bf4_logic.vhd"
# Compile Entity "bf4_logic"
# Compile Architecture "bf4_logic" of Entity "bf4_logic"
# Compile success 0 Errors 0 Warnings  Analysis time :  31.0 [ms]
comp -include "$dsn\src\bf4_proc_IF.vhd"
# Compile Entity "bf4_proc_IF"
# Compile Architecture "bf4_proc_IF" of Entity "bf4_proc_IF"
# Compile success 0 Errors 0 Warnings  Analysis time :  16.0 [ms]
comp -include "$dsn\src\bf4_proc_CASE.vhd"
# Compile Entity "bf4_proc_CASE"
# Compile Architecture "bf4_proc_CASE" of Entity "bf4_proc_CASE"
# Compile success 0 Errors 0 Warnings  Analysis time :  16.0 [ms]
comp -include "$dsn\src\bf4_testbench\bf4_Kxx_TB.vhd"
# Error: D:\students\IKM722a_Vorontsov\vhdl\LAB_2\LAB_2\LAB_2\src\bf4_testbench\bf4_Kxx_TB.vhd: no such file
asim +access +r bf4_test_tb
# ELBREAD: Elaboration process.
# ELBREAD: Error: Architecture 'bf4_test_tb' of entity 'bf4_test_tb' not found in library 'lab_2'.
# ELBREAD: Error: Elaboration process completed with errors.
# Design: Error: Elaboration failed
# Error: VSIM: cannot select specified top-level
# Error: DO_001 in file D:\students\IKM722a_Vorontsov\vhdl\LAB_2\LAB_2\LAB_2\src\bf4_Kxx_TB_runtest.do line 9
# Error: Cannot run D:\students\IKM722a_Vorontsov\vhdl\LAB_2\LAB_2\LAB_2\src\bf4_Kxx_TB_runtest.do
dir $dsn\src\bf4_testbench
# Error: invalid command name dir
ls $dsn\src\bf4_testbench
# Error: invalid command name ls
file list $dsn\src\bf4_testbench
# Error: invalid command name file (Existing commands: filelibrary, filepsloptions, filescriptoptions, filestatus, filetype, fileveroptions, filevhdloptions)
           SetActiveLib -work  
           echo $dsn
# D:\students\IKM722a_Vorontsov\vhdl\LAB_2\LAB_2\LAB_2
comp -include "$dsn\src\bf4_conc_CA.vhd"
# Compile Entity "bf4_conc_CA"
# Compile Architecture "bf4_conc_CA" of Entity "bf4_conc_CA"
# Compile success 0 Errors 0 Warnings  Analysis time :  31.0 [ms]
comp -include "$dsn\src\bf4_conc_WS.vhd"
# Compile Entity "bf4_conc_WS"
# Compile Architecture "bf4_conc_WS" of Entity "bf4_conc_WS"
# Compile success 0 Errors 0 Warnings  Analysis time :  31.0 [ms]
comp -include "$dsn\src\bf4_const.vhd"
# Compile Entity "bf4_const"
# Compile Architecture "bf4_const" of Entity "bf4_const"
# Compile success 0 Errors 0 Warnings  Analysis time :  16.0 [ms]
comp -include "$dsn\src\bf4_logic.vhd"
# Compile Entity "bf4_logic"
# Compile Architecture "bf4_logic" of Entity "bf4_logic"
# Compile success 0 Errors 0 Warnings  Analysis time :  31.0 [ms]
comp -include "$dsn\src\bf4_proc_IF.vhd"
# Compile Entity "bf4_proc_IF"
# Compile Architecture "bf4_proc_IF" of Entity "bf4_proc_IF"
# Compile success 0 Errors 0 Warnings  Analysis time :  15.0 [ms]
comp -include "$dsn\src\bf4_proc_CASE.vhd"
# Compile Entity "bf4_proc_CASE"
# Compile Architecture "bf4_proc_CASE" of Entity "bf4_proc_CASE"
# Compile success 0 Errors 0 Warnings  Analysis time :  16.0 [ms]
comp -include "$dsn\src\bf4_testbench\bf4_Kxx_TB.vhd"
# Error: D:\students\IKM722a_Vorontsov\vhdl\LAB_2\LAB_2\LAB_2\src\bf4_testbench\bf4_Kxx_TB.vhd: no such file
asim +access +r bf4_test_tb
# ELBREAD: Elaboration process.
# ELBREAD: Error: Architecture 'bf4_test_tb' of entity 'bf4_test_tb' not found in library 'lab_2'.
# ELBREAD: Error: Elaboration process completed with errors.
# Design: Error: Elaboration failed
# Error: VSIM: cannot select specified top-level
# Error: DO_001 in file D:\students\IKM722a_Vorontsov\vhdl\LAB_2\LAB_2\LAB_2\src\bf4_Kxx_TB_runtest.do line 10
# Error: Cannot run D:\students\IKM722a_Vorontsov\vhdl\LAB_2\LAB_2\LAB_2\src\bf4_Kxx_TB_runtest.do
           SetActiveLib -work  
           echo $dsn
# D:\students\IKM722a_Vorontsov\vhdl\LAB_2\LAB_2\LAB_2
comp -include "$dsn\src\bf4_conc_CA.vhd"
# Compile Entity "bf4_conc_CA"
# Compile Architecture "bf4_conc_CA" of Entity "bf4_conc_CA"
# Compile success 0 Errors 0 Warnings  Analysis time :  15.0 [ms]
comp -include "$dsn\src\bf4_conc_WS.vhd"
# Compile Entity "bf4_conc_WS"
# Compile Architecture "bf4_conc_WS" of Entity "bf4_conc_WS"
# Compile success 0 Errors 0 Warnings  Analysis time :  31.0 [ms]
comp -include "$dsn\src\bf4_const.vhd"
# Compile Entity "bf4_const"
# Compile Architecture "bf4_const" of Entity "bf4_const"
# Compile success 0 Errors 0 Warnings  Analysis time :  16.0 [ms]
comp -include "$dsn\src\bf4_logic.vhd"
# Compile Entity "bf4_logic"
# Compile Architecture "bf4_logic" of Entity "bf4_logic"
# Compile success 0 Errors 0 Warnings  Analysis time :  31.0 [ms]
comp -include "$dsn\src\bf4_proc_IF.vhd"
# Compile Entity "bf4_proc_IF"
# Compile Architecture "bf4_proc_IF" of Entity "bf4_proc_IF"
# Compile success 0 Errors 0 Warnings  Analysis time :  16.0 [ms]
comp -include "$dsn\src\bf4_proc_CASE.vhd"
# Compile Entity "bf4_proc_CASE"
# Compile Architecture "bf4_proc_CASE" of Entity "bf4_proc_CASE"
# Compile success 0 Errors 0 Warnings  Analysis time :  16.0 [ms]
comp -include "$dsn\src\bf4_testbench\bf4_Kxx_TB.vhd"
# Error: D:\students\IKM722a_Vorontsov\vhdl\LAB_2\LAB_2\LAB_2\src\bf4_testbench\bf4_Kxx_TB.vhd: no such file
asim +access +r bf4_test_tb
# ELBREAD: Elaboration process.
# ELBREAD: Error: Architecture 'bf4_test_tb' of entity 'bf4_test_tb' not found in library 'lab_2'.
# ELBREAD: Error: Elaboration process completed with errors.
# Design: Error: Elaboration failed
# Error: VSIM: cannot select specified top-level
# Error: DO_001 in file D:\students\IKM722a_Vorontsov\vhdl\LAB_2\LAB_2\LAB_2\src\bf4_Kxx_TB_runtest.do line 10
# Error: Cannot run D:\students\IKM722a_Vorontsov\vhdl\LAB_2\LAB_2\LAB_2\src\bf4_Kxx_TB_runtest.do
           SetActiveLib -work  
           echo $dsn
# D:\students\IKM722a_Vorontsov\vhdl\LAB_2\LAB_2\LAB_2
comp -include "$dsn\src\bf4_conc_CA.vhd"
# Compile Entity "bf4_conc_CA"
# Compile Architecture "bf4_conc_CA" of Entity "bf4_conc_CA"
# Compile success 0 Errors 0 Warnings  Analysis time :  31.0 [ms]
comp -include "$dsn\src\bf4_conc_WS.vhd"
# Compile Entity "bf4_conc_WS"
# Compile Architecture "bf4_conc_WS" of Entity "bf4_conc_WS"
# Compile success 0 Errors 0 Warnings  Analysis time :  31.0 [ms]
comp -include "$dsn\src\bf4_const.vhd"
# Compile Entity "bf4_const"
# Compile Architecture "bf4_const" of Entity "bf4_const"
# Compile success 0 Errors 0 Warnings  Analysis time :  31.0 [ms]
comp -include "$dsn\src\bf4_logic.vhd"
# Compile Entity "bf4_logic"
# Compile Architecture "bf4_logic" of Entity "bf4_logic"
# Compile success 0 Errors 0 Warnings  Analysis time :  31.0 [ms]
comp -include "$dsn\src\bf4_proc_IF.vhd"
# Compile Entity "bf4_proc_IF"
# Compile Architecture "bf4_proc_IF" of Entity "bf4_proc_IF"
# Compile success 0 Errors 0 Warnings  Analysis time :  16.0 [ms]
comp -include "$dsn\src\bf4_proc_CASE.vhd"
# Compile Entity "bf4_proc_CASE"
# Compile Architecture "bf4_proc_CASE" of Entity "bf4_proc_CASE"
# Compile success 0 Errors 0 Warnings  Analysis time :  16.0 [ms]
comp -include "$dsn\src\bf4_testbench\bf4_Kxx_TB.vhd"
# Error: D:\students\IKM722a_Vorontsov\vhdl\LAB_2\LAB_2\LAB_2\src\bf4_testbench\bf4_Kxx_TB.vhd: no such file
asim +access +r bf4_test_tb
# ELBREAD: Elaboration process.
# ELBREAD: Error: Architecture 'bf4_test_tb' of entity 'bf4_test_tb' not found in library 'lab_2'.
# ELBREAD: Error: Elaboration process completed with errors.
# Design: Error: Elaboration failed
# Error: VSIM: cannot select specified top-level
# Error: DO_001 in file D:\students\IKM722a_Vorontsov\vhdl\LAB_2\LAB_2\LAB_2\src\bf4_Kxx_TB_runtest.do line 10
# Error: Cannot run D:\students\IKM722a_Vorontsov\vhdl\LAB_2\LAB_2\LAB_2\src\bf4_Kxx_TB_runtest.do
           SetActiveLib -work  
           echo $dsn
# D:\students\IKM722a_Vorontsov\vhdl\LAB_2\LAB_2\LAB_2
comp -include "$dsn\src\bf4_conc_CA.vhd"
# Compile Entity "bf4_conc_CA"
# Compile Architecture "bf4_conc_CA" of Entity "bf4_conc_CA"
# Compile success 0 Errors 0 Warnings  Analysis time :  31.0 [ms]
comp -include "$dsn\src\bf4_conc_WS.vhd"
# Compile Entity "bf4_conc_WS"
# Compile Architecture "bf4_conc_WS" of Entity "bf4_conc_WS"
# Compile success 0 Errors 0 Warnings  Analysis time :  15.0 [ms]
comp -include "$dsn\src\bf4_const.vhd"
# Compile Entity "bf4_const"
# Compile Architecture "bf4_const" of Entity "bf4_const"
# Compile success 0 Errors 0 Warnings  Analysis time :  16.0 [ms]
comp -include "$dsn\src\bf4_logic.vhd"
# Compile Entity "bf4_logic"
# Compile Architecture "bf4_logic" of Entity "bf4_logic"
# Compile success 0 Errors 0 Warnings  Analysis time :  31.0 [ms]
comp -include "$dsn\src\bf4_proc_IF.vhd"
# Compile Entity "bf4_proc_IF"
# Compile Architecture "bf4_proc_IF" of Entity "bf4_proc_IF"
# Compile success 0 Errors 0 Warnings  Analysis time :  31.0 [ms]
comp -include "$dsn\src\bf4_proc_CASE.vhd"
# Compile Entity "bf4_proc_CASE"
# Compile Architecture "bf4_proc_CASE" of Entity "bf4_proc_CASE"
# Compile success 0 Errors 0 Warnings  Analysis time :  15.0 [ms]
comp -include "$dsn\src\bf4_testbench\bf4_Kxx_TB.vhd"
# Error: D:\students\IKM722a_Vorontsov\vhdl\LAB_2\LAB_2\LAB_2\src\bf4_testbench\bf4_Kxx_TB.vhd: no such file
asim +access +r bf4_test_tb
# ELBREAD: Elaboration process.
# ELBREAD: Error: Architecture 'bf4_test_tb' of entity 'bf4_test_tb' not found in library 'lab_2'.
# ELBREAD: Error: Elaboration process completed with errors.
# Design: Error: Elaboration failed
# Error: VSIM: cannot select specified top-level
# Error: DO_001 in file D:\students\IKM722a_Vorontsov\vhdl\LAB_2\LAB_2\LAB_2\src\bf4_Kxx_TB_runtest.do line 10
# Error: Cannot run D:\students\IKM722a_Vorontsov\vhdl\LAB_2\LAB_2\LAB_2\src\bf4_Kxx_TB_runtest.do
SetActiveLib -work

comp -include "$dsn\src\bf4_conc_CA.vhd"
# Compile Entity "bf4_conc_CA"
# Compile Architecture "bf4_conc_CA" of Entity "bf4_conc_CA"
# Compile success 0 Errors 0 Warnings  Analysis time :  16.0 [ms]
comp -include "$dsn\src\bf4_conc_WS.vhd"
# Compile Entity "bf4_conc_WS"
# Compile Architecture "bf4_conc_WS" of Entity "bf4_conc_WS"
# Compile success 0 Errors 0 Warnings  Analysis time :  15.0 [ms]
comp -include "$dsn\src\bf4_const.vhd"
# Compile Entity "bf4_const"
# Compile Architecture "bf4_const" of Entity "bf4_const"
# Compile success 0 Errors 0 Warnings  Analysis time :  31.0 [ms]
comp -include "$dsn\src\bf4_logic.vhd"
# Compile Entity "bf4_logic"
# Compile Architecture "bf4_logic" of Entity "bf4_logic"
# Compile success 0 Errors 0 Warnings  Analysis time :  31.0 [ms]
comp -include "$dsn\src\bf4_proc_IF.vhd"
# Compile Entity "bf4_proc_IF"
# Compile Architecture "bf4_proc_IF" of Entity "bf4_proc_IF"
# Compile success 0 Errors 0 Warnings  Analysis time :  31.0 [ms]
comp -include "$dsn\src\bf4_proc_CASE.vhd"
# Compile Entity "bf4_proc_CASE"
# Compile Architecture "bf4_proc_CASE" of Entity "bf4_proc_CASE"
# Compile success 0 Errors 0 Warnings  Analysis time :  31.0 [ms]

comp -include "$dsn\src\bf4_Kxx_TB.vhd"
# Error: COMP96_0010: bf4_Kxx_TB.vhd : (100, 51): Invalid literal.
# Error: COMP96_0010: bf4_Kxx_TB.vhd : (101, 5): Invalid literal.
# Error: COMP96_0010: bf4_Kxx_TB.vhd : (102, 53): Invalid literal.
# Error: COMP96_0010: bf4_Kxx_TB.vhd : (103, 10): Invalid literal.
# Error: COMP96_0010: bf4_Kxx_TB.vhd : (104, 53): Invalid literal.
# Error: COMP96_0010: bf4_Kxx_TB.vhd : (105, 10): Invalid literal.
# Error: COMP96_0010: bf4_Kxx_TB.vhd : (106, 51): Invalid literal.
# Error: COMP96_0010: bf4_Kxx_TB.vhd : (107, 5): Invalid literal.
# Error: COMP96_0010: bf4_Kxx_TB.vhd : (108, 53): Invalid literal.
# Error: COMP96_0010: bf4_Kxx_TB.vhd : (109, 10): Invalid literal.
# Error: COMP96_0010: bf4_Kxx_TB.vhd : (110, 55): Invalid literal.
# Error: COMP96_0010: bf4_Kxx_TB.vhd : (111, 24): Invalid literal.
# Error: COMP96_0010: bf4_Kxx_TB.vhd : (126, 34): Invalid literal.
# Error: COMP96_0010: bf4_Kxx_TB.vhd : (127, 3): Invalid literal.
# Error: COMP96_0010: bf4_Kxx_TB.vhd : (128, 34): Invalid literal.
# Error: COMP96_0010: bf4_Kxx_TB.vhd : (129, 3): Invalid literal.
# Error: COMP96_0010: bf4_Kxx_TB.vhd : (132, 34): Invalid literal.
# Error: COMP96_0010: bf4_Kxx_TB.vhd : (133, 3): Invalid literal.
# Error: COMP96_0010: bf4_Kxx_TB.vhd : (134, 36): Invalid literal.
# Error: COMP96_0010: bf4_Kxx_TB.vhd : (135, 5): Invalid literal.
# Compile Entity "bf4_test_tb"
# Compile Architecture "bf4_test_tb" of Entity "bf4_test_tb"
# Error: COMP96_0029: bf4_Kxx_TB.vhd : (100, 51): Expression expected.
# Error: COMP96_0015: bf4_Kxx_TB.vhd : (100, 51): ';' expected.
# Error: COMP96_0029: bf4_Kxx_TB.vhd : (102, 53): Expression expected.
# Error: COMP96_0015: bf4_Kxx_TB.vhd : (102, 53): ';' expected.
# Error: COMP96_0029: bf4_Kxx_TB.vhd : (104, 53): Expression expected.
# Error: COMP96_0015: bf4_Kxx_TB.vhd : (104, 53): ';' expected.
# Error: COMP96_0029: bf4_Kxx_TB.vhd : (106, 51): Expression expected.
# Error: COMP96_0015: bf4_Kxx_TB.vhd : (106, 51): ';' expected.
# Error: COMP96_0029: bf4_Kxx_TB.vhd : (108, 53): Expression expected.
# Error: COMP96_0015: bf4_Kxx_TB.vhd : (108, 53): ';' expected.
# Error: COMP96_0029: bf4_Kxx_TB.vhd : (110, 55): Expression expected.
# Error: COMP96_0015: bf4_Kxx_TB.vhd : (110, 55): ';' expected.
# Error: COMP96_0029: bf4_Kxx_TB.vhd : (126, 34): Expression expected.
# Error: COMP96_0015: bf4_Kxx_TB.vhd : (126, 34): ';' expected.
# Error: COMP96_0029: bf4_Kxx_TB.vhd : (128, 34): Expression expected.
# Error: COMP96_0015: bf4_Kxx_TB.vhd : (128, 34): ';' expected.
# Error: COMP96_0029: bf4_Kxx_TB.vhd : (132, 34): Expression expected.
# Error: COMP96_0015: bf4_Kxx_TB.vhd : (132, 34): ';' expected.
# Error: COMP96_0029: bf4_Kxx_TB.vhd : (134, 36): Expression expected.
# Error: COMP96_0015: bf4_Kxx_TB.vhd : (134, 36): ';' expected.
# Compile failure 40 Errors 0 Warnings  Analysis time :  15.0 [ms]
# Error: DO_001 in file D:\students\IKM722a_Vorontsov\vhdl\LAB_2\LAB_2\LAB_2\src\bf4_Kxx_TB_runtest.do line 10
# Error: Cannot run D:\students\IKM722a_Vorontsov\vhdl\LAB_2\LAB_2\LAB_2\src\bf4_Kxx_TB_runtest.do
SetActiveLib -work
comp -include "$dsn\src\bf4_conc_CA.vhd" 
# Compile Entity "bf4_conc_CA"
# Compile Architecture "bf4_conc_CA" of Entity "bf4_conc_CA"
# Compile success 0 Errors 0 Warnings  Analysis time :  16.0 [ms]
comp -include "$dsn\src\bf4_conc_WS.vhd"
# Compile Entity "bf4_conc_WS"
# Compile Architecture "bf4_conc_WS" of Entity "bf4_conc_WS"
# Compile success 0 Errors 0 Warnings  Analysis time :  31.0 [ms]
comp -include "$dsn\src\bf4_const.vhd"
# Compile Entity "bf4_const"
# Compile Architecture "bf4_const" of Entity "bf4_const"
# Compile success 0 Errors 0 Warnings  Analysis time :  31.0 [ms]
comp -include "$dsn\src\bf4_logic.vhd"
# Compile Entity "bf4_logic"
# Compile Architecture "bf4_logic" of Entity "bf4_logic"
# Compile success 0 Errors 0 Warnings  Analysis time :  32.0 [ms]
comp -include "$dsn\src\bf4_proc_IF.vhd"
# Compile Entity "bf4_proc_IF"
# Compile Architecture "bf4_proc_IF" of Entity "bf4_proc_IF"
# Compile success 0 Errors 0 Warnings  Analysis time :  31.0 [ms]
comp -include "$dsn\src\bf4_proc_CASE.vhd"
# Compile Entity "bf4_proc_CASE"
# Compile Architecture "bf4_proc_CASE" of Entity "bf4_proc_CASE"
# Compile success 0 Errors 0 Warnings  Analysis time :  16.0 [ms]
comp -include "$dsn\src\bf4_K16_TB.vhd" 
# Error: D:\students\IKM722a_Vorontsov\vhdl\LAB_2\LAB_2\LAB_2\src\bf4_K16_TB.vhd: no such file
asim +access +r bf4_test_tb 
# ELBREAD: Elaboration process.
# ELBREAD: Error: Architecture 'bf4_test_tb' of entity 'bf4_test_tb' not found in library 'lab_2'.
# ELBREAD: Error: Elaboration process completed with errors.
# Design: Error: Elaboration failed
# Error: VSIM: cannot select specified top-level
# Error: DO_001 in file D:\students\IKM722a_Vorontsov\vhdl\LAB_2\LAB_2\LAB_2\src\bf4_Kxx_TB_runtest.do line 9
# Error: Cannot run D:\students\IKM722a_Vorontsov\vhdl\LAB_2\LAB_2\LAB_2\src\bf4_Kxx_TB_runtest.do
SetActiveLib -work
comp -include "$dsn\src\bf4_conc_CA.vhd" 
# Compile Entity "bf4_conc_CA"
# Compile Architecture "bf4_conc_CA" of Entity "bf4_conc_CA"
# Compile success 0 Errors 0 Warnings  Analysis time :  16.0 [ms]
comp -include "$dsn\src\bf4_conc_WS.vhd"
# Compile Entity "bf4_conc_WS"
# Compile Architecture "bf4_conc_WS" of Entity "bf4_conc_WS"
# Compile success 0 Errors 0 Warnings  Analysis time :  16.0 [ms]
comp -include "$dsn\src\bf4_const.vhd"
# Compile Entity "bf4_const"
# Compile Architecture "bf4_const" of Entity "bf4_const"
# Compile success 0 Errors 0 Warnings  Analysis time :  16.0 [ms]
comp -include "$dsn\src\bf4_logic.vhd"
# Compile Entity "bf4_logic"
# Compile Architecture "bf4_logic" of Entity "bf4_logic"
# Compile success 0 Errors 0 Warnings  Analysis time :  31.0 [ms]
comp -include "$dsn\src\bf4_proc_IF.vhd"
# Compile Entity "bf4_proc_IF"
# Compile Architecture "bf4_proc_IF" of Entity "bf4_proc_IF"
# Compile success 0 Errors 0 Warnings  Analysis time :  15.0 [ms]
comp -include "$dsn\src\bf4_proc_CASE.vhd"
# Compile Entity "bf4_proc_CASE"
# Compile Architecture "bf4_proc_CASE" of Entity "bf4_proc_CASE"
# Compile success 0 Errors 0 Warnings  Analysis time :  16.0 [ms]
comp -include "$dsn\src\bf4_K16_TB.vhd" 
# Compile Entity "bf4_test_tb"
# Compile Architecture "bf4_test_tb" of Entity "bf4_test_tb"
# Compile success 0 Errors 0 Warnings  Analysis time :  47.0 [ms]
asim +access +r bf4_test_tb 
# ELBREAD: Elaboration process.
# ELBREAD: Elaboration time 0.0 [s].
# VSIM: Stack memory: 32MB
# VSIM: Retval memory: 32MB
# 
# KERNEL: Main thread initiated.
# KERNEL: Kernel process initialization phase.
# ELAB2: Elaboration final pass...
# ELAB2: Create instances ...
# KERNEL: Time resolution set to 1ps.
# ELAB2: Create instances complete.
# SLP: Started
# SLP: Elaboration phase ...
# SLP: Elaboration phase ... skipped, nothing to simulate in SLP mode : 0.0 [s]
# SLP: Finished : 0.0 [s]
# ELAB2: Elaboration final pass complete - time: 0.1 [s].
# KERNEL: Warning: You are using the Active-HDL Student Edition. The performance of simulation is running at a reduced rate.
# KERNEL: Warning: Contact Aldec for available upgrade options - sales@aldec.com.
# KERNEL: Kernel process initialization done.
# Allocation: Simulator allocated 6491 kB (elbread=427 elab2=5924 kernel=139 sdf=0)
# KERNEL: ASDB file was created in location D:\students\IKM722a_Vorontsov\vhdl\LAB_2\LAB_2\LAB_2\src\wave.asdb
#  14:15, 23 травня 2026 р.
#  Simulation has been initialized
wave 
wave -noreg X
wave -noreg Y_conc_CA
wave -noreg Y_conc_WS
wave -noreg Y_const  
wave -noreg Y_logic
wave -noreg Y_proc_IF
wave -noreg Y_proc_CASE
wave -noreg TEST_PHASE
wave -noreg VERIF_STATE
run 350 ns
# VSIM: 9 object(s) traced.
# Waveform file 'untitled.awc' connected to 'D:/students/IKM722a_Vorontsov/vhdl/LAB_2/LAB_2/LAB_2/src/wave.asdb'.
# KERNEL: WARNING: NUMERIC_STD.TO_INTEGER: metavalue detected, returning 0
# KERNEL: Time: 0 ps,  Iteration: 0,  Instance: /bf4_test_tb/UUT3,  Process: line__22.
# EXECUTION:: NOTE   : at 0 ps all Ys changed
# EXECUTION:: Time: 0 ps,  Iteration: 3,  Instance: /bf4_test_tb,  Process: output_verify.
# EXECUTION:: ERROR  : error in block bf4_logic when X = 0000
# EXECUTION:: Time: 5 ns,  Iteration: 0,  Instance: /bf4_test_tb,  Process: output_verify.
# EXECUTION:: ERROR  : error in block bf4_conc_CA when X = 0000
# EXECUTION:: Time: 5 ns,  Iteration: 0,  Instance: /bf4_test_tb,  Process: output_verify.
# EXECUTION:: ERROR  : error in block bf4_conc_WS when X = 0000
# EXECUTION:: Time: 5 ns,  Iteration: 0,  Instance: /bf4_test_tb,  Process: output_verify.
# EXECUTION:: ERROR  : error in block bf4_const when X = 0000
# EXECUTION:: Time: 5 ns,  Iteration: 0,  Instance: /bf4_test_tb,  Process: output_verify.
# EXECUTION:: ERROR  : error in block bf4_proc_IF when X = 0000
# EXECUTION:: Time: 5 ns,  Iteration: 0,  Instance: /bf4_test_tb,  Process: output_verify.
# EXECUTION:: ERROR  : error in block bf4_proc_CASE when X = 0000
# EXECUTION:: Time: 5 ns,  Iteration: 0,  Instance: /bf4_test_tb,  Process: output_verify.
# EXECUTION:: NOTE   : at 10000 ps all Ys changed
# EXECUTION:: Time: 10 ns,  Iteration: 3,  Instance: /bf4_test_tb,  Process: output_verify.
# EXECUTION:: ERROR  : error in block bf4_logic when X = 0001
# EXECUTION:: Time: 15 ns,  Iteration: 0,  Instance: /bf4_test_tb,  Process: output_verify.
# EXECUTION:: NOTE   : at 30000 ps all Ys changed
# EXECUTION:: Time: 30 ns,  Iteration: 3,  Instance: /bf4_test_tb,  Process: output_verify.
# EXECUTION:: ERROR  : error in block bf4_logic when X = 0011
# EXECUTION:: Time: 35 ns,  Iteration: 0,  Instance: /bf4_test_tb,  Process: output_verify.
# EXECUTION:: NOTE   : at 50000 ps all Ys changed
# EXECUTION:: Time: 50 ns,  Iteration: 3,  Instance: /bf4_test_tb,  Process: output_verify.
# EXECUTION:: ERROR  : error in block bf4_logic when X = 0101
# EXECUTION:: Time: 55 ns,  Iteration: 0,  Instance: /bf4_test_tb,  Process: output_verify.
# EXECUTION:: ERROR  : error in block bf4_conc_CA when X = 0101
# EXECUTION:: Time: 55 ns,  Iteration: 0,  Instance: /bf4_test_tb,  Process: output_verify.
# EXECUTION:: ERROR  : error in block bf4_conc_WS when X = 0101
# EXECUTION:: Time: 55 ns,  Iteration: 0,  Instance: /bf4_test_tb,  Process: output_verify.
# EXECUTION:: ERROR  : error in block bf4_const when X = 0101
# EXECUTION:: Time: 55 ns,  Iteration: 0,  Instance: /bf4_test_tb,  Process: output_verify.
# EXECUTION:: ERROR  : error in block bf4_proc_IF when X = 0101
# EXECUTION:: Time: 55 ns,  Iteration: 0,  Instance: /bf4_test_tb,  Process: output_verify.
# EXECUTION:: ERROR  : error in block bf4_proc_CASE when X = 0101
# EXECUTION:: Time: 55 ns,  Iteration: 0,  Instance: /bf4_test_tb,  Process: output_verify.
# EXECUTION:: NOTE   : at 60000 ps all Ys changed
# EXECUTION:: Time: 60 ns,  Iteration: 3,  Instance: /bf4_test_tb,  Process: output_verify.
# EXECUTION:: ERROR  : error in block bf4_logic when X = 0110
# EXECUTION:: Time: 65 ns,  Iteration: 0,  Instance: /bf4_test_tb,  Process: output_verify.
# EXECUTION:: ERROR  : error in block bf4_conc_CA when X = 0110
# EXECUTION:: Time: 65 ns,  Iteration: 0,  Instance: /bf4_test_tb,  Process: output_verify.
# EXECUTION:: ERROR  : error in block bf4_conc_WS when X = 0110
# EXECUTION:: Time: 65 ns,  Iteration: 0,  Instance: /bf4_test_tb,  Process: output_verify.
# EXECUTION:: ERROR  : error in block bf4_const when X = 0110
# EXECUTION:: Time: 65 ns,  Iteration: 0,  Instance: /bf4_test_tb,  Process: output_verify.
# EXECUTION:: ERROR  : error in block bf4_proc_IF when X = 0110
# EXECUTION:: Time: 65 ns,  Iteration: 0,  Instance: /bf4_test_tb,  Process: output_verify.
# EXECUTION:: ERROR  : error in block bf4_proc_CASE when X = 0110
# EXECUTION:: Time: 65 ns,  Iteration: 0,  Instance: /bf4_test_tb,  Process: output_verify.
# EXECUTION:: NOTE   : at 70000 ps all Ys changed
# EXECUTION:: Time: 70 ns,  Iteration: 3,  Instance: /bf4_test_tb,  Process: output_verify.
# EXECUTION:: ERROR  : error in block bf4_conc_CA when X = 0111
# EXECUTION:: Time: 75 ns,  Iteration: 0,  Instance: /bf4_test_tb,  Process: output_verify.
# EXECUTION:: ERROR  : error in block bf4_conc_WS when X = 0111
# EXECUTION:: Time: 75 ns,  Iteration: 0,  Instance: /bf4_test_tb,  Process: output_verify.
# EXECUTION:: ERROR  : error in block bf4_const when X = 0111
# EXECUTION:: Time: 75 ns,  Iteration: 0,  Instance: /bf4_test_tb,  Process: output_verify.
# EXECUTION:: ERROR  : error in block bf4_proc_IF when X = 0111
# EXECUTION:: Time: 75 ns,  Iteration: 0,  Instance: /bf4_test_tb,  Process: output_verify.
# EXECUTION:: ERROR  : error in block bf4_proc_CASE when X = 0111
# EXECUTION:: Time: 75 ns,  Iteration: 0,  Instance: /bf4_test_tb,  Process: output_verify.
# EXECUTION:: NOTE   : at 80000 ps all Ys changed
# EXECUTION:: Time: 80 ns,  Iteration: 3,  Instance: /bf4_test_tb,  Process: output_verify.
# EXECUTION:: ERROR  : error in block bf4_logic when X = 1000
# EXECUTION:: Time: 85 ns,  Iteration: 0,  Instance: /bf4_test_tb,  Process: output_verify.
# EXECUTION:: ERROR  : error in block bf4_conc_CA when X = 1000
# EXECUTION:: Time: 85 ns,  Iteration: 0,  Instance: /bf4_test_tb,  Process: output_verify.
# EXECUTION:: ERROR  : error in block bf4_conc_WS when X = 1000
# EXECUTION:: Time: 85 ns,  Iteration: 0,  Instance: /bf4_test_tb,  Process: output_verify.
# EXECUTION:: ERROR  : error in block bf4_const when X = 1000
# EXECUTION:: Time: 85 ns,  Iteration: 0,  Instance: /bf4_test_tb,  Process: output_verify.
# EXECUTION:: ERROR  : error in block bf4_proc_IF when X = 1000
# EXECUTION:: Time: 85 ns,  Iteration: 0,  Instance: /bf4_test_tb,  Process: output_verify.
# EXECUTION:: ERROR  : error in block bf4_proc_CASE when X = 1000
# EXECUTION:: Time: 85 ns,  Iteration: 0,  Instance: /bf4_test_tb,  Process: output_verify.
# EXECUTION:: NOTE   : at 90000 ps all Ys changed
# EXECUTION:: Time: 90 ns,  Iteration: 3,  Instance: /bf4_test_tb,  Process: output_verify.
# EXECUTION:: ERROR  : error in block bf4_logic when X = 1001
# EXECUTION:: Time: 95 ns,  Iteration: 0,  Instance: /bf4_test_tb,  Process: output_verify.
# EXECUTION:: ERROR  : error in block bf4_conc_CA when X = 1001
# EXECUTION:: Time: 95 ns,  Iteration: 0,  Instance: /bf4_test_tb,  Process: output_verify.
# EXECUTION:: ERROR  : error in block bf4_conc_WS when X = 1001
# EXECUTION:: Time: 95 ns,  Iteration: 0,  Instance: /bf4_test_tb,  Process: output_verify.
# EXECUTION:: ERROR  : error in block bf4_const when X = 1001
# EXECUTION:: Time: 95 ns,  Iteration: 0,  Instance: /bf4_test_tb,  Process: output_verify.
# EXECUTION:: ERROR  : error in block bf4_proc_IF when X = 1001
# EXECUTION:: Time: 95 ns,  Iteration: 0,  Instance: /bf4_test_tb,  Process: output_verify.
# EXECUTION:: ERROR  : error in block bf4_proc_CASE when X = 1001
# EXECUTION:: Time: 95 ns,  Iteration: 0,  Instance: /bf4_test_tb,  Process: output_verify.
# EXECUTION:: NOTE   : at 110000 ps all Ys changed
# EXECUTION:: Time: 110 ns,  Iteration: 3,  Instance: /bf4_test_tb,  Process: output_verify.
# EXECUTION:: ERROR  : error in block bf4_logic when X = 1011
# EXECUTION:: Time: 115 ns,  Iteration: 0,  Instance: /bf4_test_tb,  Process: output_verify.
# EXECUTION:: ERROR  : error in block bf4_conc_CA when X = 1011
# EXECUTION:: Time: 115 ns,  Iteration: 0,  Instance: /bf4_test_tb,  Process: output_verify.
# EXECUTION:: ERROR  : error in block bf4_conc_WS when X = 1011
# EXECUTION:: Time: 115 ns,  Iteration: 0,  Instance: /bf4_test_tb,  Process: output_verify.
# EXECUTION:: ERROR  : error in block bf4_const when X = 1011
# EXECUTION:: Time: 115 ns,  Iteration: 0,  Instance: /bf4_test_tb,  Process: output_verify.
# EXECUTION:: ERROR  : error in block bf4_proc_IF when X = 1011
# EXECUTION:: Time: 115 ns,  Iteration: 0,  Instance: /bf4_test_tb,  Process: output_verify.
# EXECUTION:: ERROR  : error in block bf4_proc_CASE when X = 1011
# EXECUTION:: Time: 115 ns,  Iteration: 0,  Instance: /bf4_test_tb,  Process: output_verify.
# EXECUTION:: NOTE   : at 120000 ps all Ys changed
# EXECUTION:: Time: 120 ns,  Iteration: 3,  Instance: /bf4_test_tb,  Process: output_verify.
# EXECUTION:: ERROR  : error in block bf4_logic when X = 1100
# EXECUTION:: Time: 125 ns,  Iteration: 0,  Instance: /bf4_test_tb,  Process: output_verify.
# EXECUTION:: ERROR  : error in block bf4_conc_CA when X = 1100
# EXECUTION:: Time: 125 ns,  Iteration: 0,  Instance: /bf4_test_tb,  Process: output_verify.
# EXECUTION:: ERROR  : error in block bf4_conc_WS when X = 1100
# EXECUTION:: Time: 125 ns,  Iteration: 0,  Instance: /bf4_test_tb,  Process: output_verify.
# EXECUTION:: ERROR  : error in block bf4_const when X = 1100
# EXECUTION:: Time: 125 ns,  Iteration: 0,  Instance: /bf4_test_tb,  Process: output_verify.
# EXECUTION:: ERROR  : error in block bf4_proc_IF when X = 1100
# EXECUTION:: Time: 125 ns,  Iteration: 0,  Instance: /bf4_test_tb,  Process: output_verify.
# EXECUTION:: ERROR  : error in block bf4_proc_CASE when X = 1100
# EXECUTION:: Time: 125 ns,  Iteration: 0,  Instance: /bf4_test_tb,  Process: output_verify.
# EXECUTION:: NOTE   : at 130000 ps all Ys changed
# EXECUTION:: Time: 130 ns,  Iteration: 3,  Instance: /bf4_test_tb,  Process: output_verify.
# EXECUTION:: ERROR  : error in block bf4_logic when X = 1101
# EXECUTION:: Time: 135 ns,  Iteration: 0,  Instance: /bf4_test_tb,  Process: output_verify.
# EXECUTION:: ERROR  : error in block bf4_conc_CA when X = 1101
# EXECUTION:: Time: 135 ns,  Iteration: 0,  Instance: /bf4_test_tb,  Process: output_verify.
# EXECUTION:: ERROR  : error in block bf4_conc_WS when X = 1101
# EXECUTION:: Time: 135 ns,  Iteration: 0,  Instance: /bf4_test_tb,  Process: output_verify.
# EXECUTION:: ERROR  : error in block bf4_const when X = 1101
# EXECUTION:: Time: 135 ns,  Iteration: 0,  Instance: /bf4_test_tb,  Process: output_verify.
# EXECUTION:: ERROR  : error in block bf4_proc_IF when X = 1101
# EXECUTION:: Time: 135 ns,  Iteration: 0,  Instance: /bf4_test_tb,  Process: output_verify.
# EXECUTION:: ERROR  : error in block bf4_proc_CASE when X = 1101
# EXECUTION:: Time: 135 ns,  Iteration: 0,  Instance: /bf4_test_tb,  Process: output_verify.
# EXECUTION:: NOTE   : at 140000 ps all Ys changed
# EXECUTION:: Time: 140 ns,  Iteration: 3,  Instance: /bf4_test_tb,  Process: output_verify.
# EXECUTION:: ERROR  : error in block bf4_logic when X = 1110
# EXECUTION:: Time: 145 ns,  Iteration: 0,  Instance: /bf4_test_tb,  Process: output_verify.
# EXECUTION:: ERROR  : error in block bf4_conc_CA when X = 1110
# EXECUTION:: Time: 145 ns,  Iteration: 0,  Instance: /bf4_test_tb,  Process: output_verify.
# EXECUTION:: ERROR  : error in block bf4_conc_WS when X = 1110
# EXECUTION:: Time: 145 ns,  Iteration: 0,  Instance: /bf4_test_tb,  Process: output_verify.
# EXECUTION:: ERROR  : error in block bf4_const when X = 1110
# EXECUTION:: Time: 145 ns,  Iteration: 0,  Instance: /bf4_test_tb,  Process: output_verify.
# EXECUTION:: ERROR  : error in block bf4_proc_IF when X = 1110
# EXECUTION:: Time: 145 ns,  Iteration: 0,  Instance: /bf4_test_tb,  Process: output_verify.
# EXECUTION:: ERROR  : error in block bf4_proc_CASE when X = 1110
# EXECUTION:: Time: 145 ns,  Iteration: 0,  Instance: /bf4_test_tb,  Process: output_verify.
# EXECUTION:: NOTE   : at 150000 ps all Ys changed
# EXECUTION:: Time: 150 ns,  Iteration: 3,  Instance: /bf4_test_tb,  Process: output_verify.
# EXECUTION:: ERROR  : error in block bf4_logic when X = 1111
# EXECUTION:: Time: 155 ns,  Iteration: 0,  Instance: /bf4_test_tb,  Process: output_verify.
# EXECUTION:: ERROR  : error in block bf4_conc_CA when X = 1111
# EXECUTION:: Time: 155 ns,  Iteration: 0,  Instance: /bf4_test_tb,  Process: output_verify.
# EXECUTION:: ERROR  : error in block bf4_conc_WS when X = 1111
# EXECUTION:: Time: 155 ns,  Iteration: 0,  Instance: /bf4_test_tb,  Process: output_verify.
# EXECUTION:: ERROR  : error in block bf4_const when X = 1111
# EXECUTION:: Time: 155 ns,  Iteration: 0,  Instance: /bf4_test_tb,  Process: output_verify.
# EXECUTION:: ERROR  : error in block bf4_proc_IF when X = 1111
# EXECUTION:: Time: 155 ns,  Iteration: 0,  Instance: /bf4_test_tb,  Process: output_verify.
# EXECUTION:: ERROR  : error in block bf4_proc_CASE when X = 1111
# EXECUTION:: Time: 155 ns,  Iteration: 0,  Instance: /bf4_test_tb,  Process: output_verify.
# KERNEL: WARNING: NUMERIC_STD.TO_INTEGER: metavalue detected, returning 0
# KERNEL: Time: 160 ns,  Iteration: 1,  Instance: /bf4_test_tb/UUT3,  Process: line__22.
# EXECUTION:: NOTE   : at 160000 ps all Ys changed
# EXECUTION:: Time: 160 ns,  Iteration: 3,  Instance: /bf4_test_tb,  Process: output_verify.
# EXECUTION:: ERROR  : not safe response in block bf4_logic when X = X000
# EXECUTION:: Time: 165 ns,  Iteration: 0,  Instance: /bf4_test_tb,  Process: output_verify.
# EXECUTION:: ERROR  : not safe response in block bf4_const when X = X000
# EXECUTION:: Time: 165 ns,  Iteration: 0,  Instance: /bf4_test_tb,  Process: output_verify.
# KERNEL: WARNING: NUMERIC_STD.TO_INTEGER: metavalue detected, returning 0
# KERNEL: Time: 170 ns,  Iteration: 1,  Instance: /bf4_test_tb/UUT3,  Process: line__22.
# EXECUTION:: NOTE   : at 170000 ps all Ys changed
# EXECUTION:: Time: 170 ns,  Iteration: 3,  Instance: /bf4_test_tb,  Process: output_verify.
# EXECUTION:: ERROR  : not safe response in block bf4_logic when X = 0X00
# EXECUTION:: Time: 175 ns,  Iteration: 0,  Instance: /bf4_test_tb,  Process: output_verify.
# EXECUTION:: ERROR  : not safe response in block bf4_const when X = 0X00
# EXECUTION:: Time: 175 ns,  Iteration: 0,  Instance: /bf4_test_tb,  Process: output_verify.
# KERNEL: WARNING: NUMERIC_STD.TO_INTEGER: metavalue detected, returning 0
# KERNEL: Time: 180 ns,  Iteration: 1,  Instance: /bf4_test_tb/UUT3,  Process: line__22.
# EXECUTION:: NOTE   : at 180000 ps all Ys changed
# EXECUTION:: Time: 180 ns,  Iteration: 3,  Instance: /bf4_test_tb,  Process: output_verify.
# EXECUTION:: ERROR  : not safe response in block bf4_logic when X = 00X0
# EXECUTION:: Time: 185 ns,  Iteration: 0,  Instance: /bf4_test_tb,  Process: output_verify.
# EXECUTION:: ERROR  : not safe response in block bf4_const when X = 00X0
# EXECUTION:: Time: 185 ns,  Iteration: 0,  Instance: /bf4_test_tb,  Process: output_verify.
# KERNEL: WARNING: NUMERIC_STD.TO_INTEGER: metavalue detected, returning 0
# KERNEL: Time: 190 ns,  Iteration: 1,  Instance: /bf4_test_tb/UUT3,  Process: line__22.
# KERNEL: WARNING: NUMERIC_STD.TO_INTEGER: metavalue detected, returning 0
# KERNEL: Time: 200 ns,  Iteration: 1,  Instance: /bf4_test_tb/UUT3,  Process: line__22.
# EXECUTION:: NOTE   : at 200000 ps all Ys changed
# EXECUTION:: Time: 200 ns,  Iteration: 3,  Instance: /bf4_test_tb,  Process: output_verify.
# EXECUTION:: ERROR  : not safe response in block bf4_logic when X = U000
# EXECUTION:: Time: 205 ns,  Iteration: 0,  Instance: /bf4_test_tb,  Process: output_verify.
# EXECUTION:: ERROR  : not safe response in block bf4_const when X = U000
# EXECUTION:: Time: 205 ns,  Iteration: 0,  Instance: /bf4_test_tb,  Process: output_verify.
# KERNEL: WARNING: NUMERIC_STD.TO_INTEGER: metavalue detected, returning 0
# KERNEL: Time: 210 ns,  Iteration: 1,  Instance: /bf4_test_tb/UUT3,  Process: line__22.
# EXECUTION:: NOTE   : at 210000 ps all Ys changed
# EXECUTION:: Time: 210 ns,  Iteration: 3,  Instance: /bf4_test_tb,  Process: output_verify.
# EXECUTION:: ERROR  : not safe response in block bf4_logic when X = 0U00
# EXECUTION:: Time: 215 ns,  Iteration: 0,  Instance: /bf4_test_tb,  Process: output_verify.
# EXECUTION:: ERROR  : not safe response in block bf4_const when X = 0U00
# EXECUTION:: Time: 215 ns,  Iteration: 0,  Instance: /bf4_test_tb,  Process: output_verify.
# KERNEL: WARNING: NUMERIC_STD.TO_INTEGER: metavalue detected, returning 0
# KERNEL: Time: 220 ns,  Iteration: 1,  Instance: /bf4_test_tb/UUT3,  Process: line__22.
# EXECUTION:: NOTE   : at 220000 ps all Ys changed
# EXECUTION:: Time: 220 ns,  Iteration: 3,  Instance: /bf4_test_tb,  Process: output_verify.
# EXECUTION:: ERROR  : not safe response in block bf4_logic when X = 00U0
# EXECUTION:: Time: 225 ns,  Iteration: 0,  Instance: /bf4_test_tb,  Process: output_verify.
# EXECUTION:: ERROR  : not safe response in block bf4_const when X = 00U0
# EXECUTION:: Time: 225 ns,  Iteration: 0,  Instance: /bf4_test_tb,  Process: output_verify.
# KERNEL: WARNING: NUMERIC_STD.TO_INTEGER: metavalue detected, returning 0
# KERNEL: Time: 230 ns,  Iteration: 1,  Instance: /bf4_test_tb/UUT3,  Process: line__22.
# EXECUTION:: NOTE   : at 240000 ps all Ys changed
# EXECUTION:: Time: 240 ns,  Iteration: 3,  Instance: /bf4_test_tb,  Process: output_verify.
# EXECUTION:: ERROR  : not safe response in block bf4_logic when X = H000
# EXECUTION:: Time: 245 ns,  Iteration: 0,  Instance: /bf4_test_tb,  Process: output_verify.
# EXECUTION:: ERROR  : not safe response in block bf4_const when X = H000
# EXECUTION:: Time: 245 ns,  Iteration: 0,  Instance: /bf4_test_tb,  Process: output_verify.
# EXECUTION:: NOTE   : at 250000 ps all Ys changed
# EXECUTION:: Time: 250 ns,  Iteration: 3,  Instance: /bf4_test_tb,  Process: output_verify.
# EXECUTION:: ERROR  : not safe response in block bf4_logic when X = 0H00
# EXECUTION:: Time: 255 ns,  Iteration: 0,  Instance: /bf4_test_tb,  Process: output_verify.
# EXECUTION:: ERROR  : not safe response in block bf4_const when X = 0H00
# EXECUTION:: Time: 255 ns,  Iteration: 0,  Instance: /bf4_test_tb,  Process: output_verify.
# EXECUTION:: NOTE   : at 260000 ps all Ys changed
# EXECUTION:: Time: 260 ns,  Iteration: 3,  Instance: /bf4_test_tb,  Process: output_verify.
# EXECUTION:: ERROR  : not safe response in block bf4_logic when X = 00H0
# EXECUTION:: Time: 265 ns,  Iteration: 0,  Instance: /bf4_test_tb,  Process: output_verify.
# EXECUTION:: ERROR  : not safe response in block bf4_const when X = 00H0
# EXECUTION:: Time: 265 ns,  Iteration: 0,  Instance: /bf4_test_tb,  Process: output_verify.
# EXECUTION:: NOTE   : at 280000 ps all Ys changed
# EXECUTION:: Time: 280 ns,  Iteration: 3,  Instance: /bf4_test_tb,  Process: output_verify.
# EXECUTION:: ERROR  : not safe response in block bf4_logic when X = L000
# EXECUTION:: Time: 285 ns,  Iteration: 0,  Instance: /bf4_test_tb,  Process: output_verify.
# EXECUTION:: ERROR  : not safe response in block bf4_const when X = L000
# EXECUTION:: Time: 285 ns,  Iteration: 0,  Instance: /bf4_test_tb,  Process: output_verify.
# KERNEL: stopped at time: 350 ns
# KERNEL: Simulation has finished. There are no more test vectors to simulate.
endsim
# VSIM: Simulation has finished.
