Active-HDL 15.0.261.9132 2026-05-23 14:15:53

Elaboration top modules:
Architecture                  bf4_test_tb(bf4_test_tb)


-------------------------------------------------------------------------------------------------
Entity        | Architecture  | Library | Info | Compiler Version          | Compilation Options
-------------------------------------------------------------------------------------------------
bf4_test_tb   | bf4_test_tb   | lab_2   |      | 15.0.261.9132 (Windows64) | -O3
bf4_conc_CA   | bf4_conc_CA   | lab_2   |      | 15.0.261.9132 (Windows64) | -O3
bf4_conc_WS   | bf4_conc_WS   | lab_2   |      | 15.0.261.9132 (Windows64) | -O3
bf4_const     | bf4_const     | lab_2   |      | 15.0.261.9132 (Windows64) | -O3
bf4_logic     | bf4_logic     | lab_2   |      | 15.0.261.9132 (Windows64) | -O3
bf4_proc_IF   | bf4_proc_IF   | lab_2   |      | 15.0.261.9132 (Windows64) | -O3
bf4_proc_CASE | bf4_proc_CASE | lab_2   |      | 15.0.261.9132 (Windows64) | -O3
-------------------------------------------------------------------------------------------------

-------------------------------------------------------------------------------------------------
VHDL Package                  | Library | Info | Compiler Version          | Compilation Options
-------------------------------------------------------------------------------------------------
standard                      | std     |      |                           | <unavailable>
TEXTIO                        | std     |      | 15.0.261.9132 (Windows64) |  -2019
std_logic_1164                | ieee    |      | 15.0.261.9132 (Windows64) |  -2008
NUMERIC_STD                   | ieee    |      | 15.0.261.9132 (Windows64) |  -2008
-------------------------------------------------------------------------------------------------

-------------------------------------------------------------------------------------------------
Library                       | Comment
-------------------------------------------------------------------------------------------------
ieee                          | Standard IEEE packages library
lab_2                         | None
std                           | Standard VHDL library
-------------------------------------------------------------------------------------------------


Simulation Options: asim +access +r bf4_test_tb


The performance of simulation is reduced. Version Student Edition
